============================= test session starts ==============================
platform darwin -- Python 3.14.8, pytest-9.1.1, pluggy-1.6.0
rootdir: /Users/daffa/Hackathon/idx-leadership-diffusion
configfile: pyproject.toml
testpaths: tests
plugins: anyio-4.14.2
collected 915 items

tests/test_429_blocked_path.py ...                                       [  0%]
tests/test_a_closure.py ............                                     [  1%]
tests/test_acquisition_inventory.py ...                                  [  1%]
tests/test_adv_concurrency.py ...                                        [  2%]
tests/test_adv_drift.py ....................                             [  4%]
tests/test_adv_hygiene.py ...                                            [  4%]
tests/test_adv_injection.py ....                                         [  5%]
tests/test_adv_secret.py .........                                       [  6%]
tests/test_adv_spend.py ......                                           [  6%]
tests/test_adv_ssrf.py ................................................. [ 12%]
...................                                                      [ 14%]
tests/test_adv_traversal.py ...............................              [ 17%]
tests/test_adv_trust.py ....                                             [ 18%]
tests/test_aggregation.py ........                                       [ 19%]
tests/test_analytics.py ...........                                      [ 20%]
tests/test_breadth.py ...........                                        [ 21%]
tests/test_brief_contract.py ............                                [ 22%]
tests/test_capability_provider.py .........                              [ 23%]
tests/test_comparability_and_adapter.py ................................ [ 27%]
.                                                                        [ 27%]
tests/test_concentration.py .....                                        [ 27%]
tests/test_concentration_v2.py ..............                            [ 29%]
tests/test_config.py ..........                                          [ 30%]
tests/test_denominator_contract.py .....                                 [ 31%]
tests/test_diffusion_group_size.py ..................                    [ 33%]
tests/test_e2e_demo.py ............                                      [ 34%]
tests/test_e2e_snapshot_export.py .......                                [ 35%]
tests/test_endpoint_status.py ..........                                 [ 36%]
tests/test_evidence.py .......                                           [ 36%]
tests/test_export_url_normalization.py ..                                [ 37%]
tests/test_extend_sectors_analysis_release.py .                          [ 37%]
tests/test_foreign_flow_sample.py .............                          [ 38%]
tests/test_golden_financials.py ........                                 [ 39%]
tests/test_group_size_diffusion.py ....                                  [ 40%]
tests/test_idx_discovery.py ........                                     [ 40%]
tests/test_idx_statistics.py ...........                                 [ 42%]
tests/test_idx_stock_summary.py .........                                [ 43%]
tests/test_intelligence_contract_v3.py ...                               [ 43%]
tests/test_live_preflight.py ..                                          [ 43%]
tests/test_llama_parse.py ...........                                    [ 44%]
tests/test_market_universe.py .......                                    [ 45%]
tests/test_market_workspace.py .............                             [ 46%]
tests/test_methodology_sensitivity.py ....                               [ 47%]
tests/test_methodology_versioning.py .....                               [ 47%]
tests/test_no_lookahead.py ....                                          [ 48%]
tests/test_no_lookahead_synthetic.py ...                                 [ 48%]
tests/test_official_market_context.py .                                  [ 48%]
tests/test_parity_public_sectors.py ...                                  [ 49%]
tests/test_persistent_budget.py .....                                    [ 49%]
tests/test_pipeline.py ........                                          [ 50%]
tests/test_point_in_time_rotation.py ......................              [ 53%]
tests/test_prepare_market_universe.py ..                                 [ 53%]
tests/test_prepare_sectors_recording.py ..                               [ 53%]
tests/test_prepare_sectors_ytd_baseline.py ....                          [ 53%]
tests/test_prodpass_stress.py .....                                      [ 54%]
tests/test_provider_contracts.py ................                        [ 56%]
tests/test_provider_modes_and_readiness.py ............................  [ 59%]
tests/test_providers.py ..........                                       [ 60%]
tests/test_public_refresh_chain.py ........................              [ 62%]
tests/test_refresh_and_export.py .............                           [ 64%]
tests/test_refresh_release.py ..                                         [ 64%]
tests/test_refresh_tool_safety.py .....................                  [ 66%]
tests/test_relative_strength.py .......                                  [ 67%]
tests/test_release_publication.py .....................                  [ 69%]
tests/test_research_context.py .                                         [ 70%]
tests/test_research_events.py ........                                   [ 70%]
tests/test_research_pass_driver.py .........                             [ 71%]
tests/test_returns.py ..........                                         [ 73%]
tests/test_rotation_cadence.py ............                              [ 74%]
tests/test_schema.py ........                                            [ 75%]
tests/test_sectors_analysis.py .........                                 [ 76%]
tests/test_sectors_client.py ......................                      [ 78%]
tests/test_sectors_provider.py ....................                      [ 80%]
tests/test_sentinel_and_429.py ................                          [ 82%]
tests/test_snapshot_adapter.py ..                                        [ 82%]
tests/test_snapshot_comparability.py ....                                [ 83%]
tests/test_snapshot_enrichment.py .......                                [ 83%]
tests/test_snapshots.py ...........                                      [ 85%]
tests/test_state_turnover.py ....                                        [ 85%]
tests/test_states.py ..............                                      [ 87%]
tests/test_submission_analysis_builders.py ......                        [ 87%]
tests/test_submission_repair.py ...................                      [ 89%]
tests/test_synthetic_scenarios.py ................                       [ 91%]
tests/test_tavily_client.py .........                                    [ 92%]
tests/test_taxonomy.py .................                                 [ 94%]
tests/test_transitions.py ..........                                     [ 95%]
tests/test_ui_productization.py ..............                           [ 97%]
tests/test_ui_story_mode.py .........                                    [ 98%]
tests/test_yfinance_harness.py ...                                       [ 98%]
tests/test_you_client.py .............                                   [ 99%]
tests/test_you_context.py ..                                             [100%]

=============================== warnings summary ===============================
tests/test_sectors_provider.py::test_sectors_provider_maps_yahoo_ihsg_identifier
  /Users/daffa/Hackathon/idx-leadership-diffusion/tests/test_sectors_provider.py:279: DeprecationWarning: SectorsProvider: instance-level get_full_universe_close override for benchmark history is deprecated; pass force_cross_section_history=True instead
    result = p.get_benchmark_history(

tests/test_sectors_provider.py::test_sectors_provider_history_uses_business_day_window
  /Users/daffa/Hackathon/idx-leadership-diffusion/tests/test_sectors_provider.py:294: DeprecationWarning: SectorsProvider: instance-level get_full_universe_close override on a SECTORS_LIVE provider is deprecated; pass force_cross_section_history=True instead
    result = p.get_price_history(["BBCA.JK"], start=start, end=end)

-- Docs: https://docs.pytest.org/en/stable/how-to/capture-warnings.html
======================= 915 passed, 2 warnings in 47.39s =======================
